<div><p>Total users: 3</p><p>Username Immanuel Kant <img src="https://upload.wikimedia.org/wikipedia/commons/4/43/Immanuel_Kant_%28painted_portrait%29.jpg"/><button>Follow user</button></p></div>
